05/12/14 12:06:31 ########################################################################
05/12/14 12:06:31 CMDLINE: /cygdrive/h/work/eclipse/MIX/mix_0.pl -strip -nodelta ../../verilog.xls
05/12/14 12:06:32 
#######################################################################
##### mix_0.pl (Revision: 1.43 )
#####
##### MIX  
#####   MixUtils    1.102 $
#####   MixUtils::IO    1.35 $
#####   MixParser   1.63 $
#####   MixWriter   1.72 $
#####   MixChecker  1.10 $
#####   MixIOParser 1.17 $
#####   MixReport 1.19 $
#####   Reg 1.16  
##### Copyright(c) Micronas GmbH 2002/2005 ALL RIGHTS RESERVED
#######################################################################
05/12/14 12:06:32 Reading worksheet CONN of H:/work/eclipse/MIX/test/xls_input/verilog/leaforeg/../../verilog.xls
05/12/14 12:06:32 Reading worksheet HIER of H:/work/eclipse/MIX/test/xls_input/verilog/leaforeg/../../verilog.xls
05/12/14 12:06:32 WARNING: INFO: Not all lowercase in new inst element TESTBENCH!
05/12/14 12:06:32 WARNING: WARNING: register-master file empty or specified sheet 'I2C' in file not found
05/12/14 12:06:32 Add_port: signal sig_i_ae adds port sig_i_ae to instance inst_t
05/12/14 12:06:32 Adding port to hierachy module inst_a for signal sig_i_ae!
05/12/14 12:06:32 Add_port: signal sig_i_ae adds port p_mix_sig_i_ae_gi to instance inst_a
05/12/14 12:06:32 Add_port: signal sig_i_a adds port sig_i_a to instance inst_t
05/12/14 12:06:32 Add_port: signal sig_o_ae adds port sig_o_ae to instance inst_t
05/12/14 12:06:32 Adding port to hierachy module inst_a for signal sig_o_ae!
05/12/14 12:06:32 Add_port: signal sig_o_ae adds port p_mix_sig_o_ae_go to instance inst_a
05/12/14 12:06:32 Adding port to hierachy module inst_a for signal sig_01!
05/12/14 12:06:32 Adding port to hierachy module inst_a for signal sig_01!
05/12/14 12:06:32 Add_port: signal sig_01 adds port p_mix_sig_01_go to instance inst_a
05/12/14 12:06:32 Adding port to hierachy module inst_a for signal sig_06!
05/12/14 12:06:32 WARNING: WARNING: Signal sig_06 has mixed links into instance inst_b!
05/12/14 12:06:32 Adding port to hierachy module inst_a for signal sig_06!
05/12/14 12:06:32 WARNING: WARNING: Possible io mode conflict for sig_06 at inst_a
05/12/14 12:06:32 Add_port: signal sig_06 adds port p_mix_sig_06_gi to instance inst_a
05/12/14 12:06:32 Adding port to hierachy module inst_a for signal sig_04!
05/12/14 12:06:32 Add_port: signal sig_04 adds port p_mix_sig_04_gi to instance inst_a
05/12/14 12:06:32 Add_port: signal sig_i_a2 adds port sig_i_a2 to instance inst_t
05/12/14 12:06:32 Adding port to hierachy module inst_a for signal sig_03!
05/12/14 12:06:32 Add_port: signal sig_03 adds port p_mix_sig_03_go to instance inst_a
05/12/14 12:06:32 Add_port: signal sig_o_a adds port sig_o_a to instance inst_t
05/12/14 12:06:32 Adding port to hierachy module inst_a for signal sig_05!
05/12/14 12:06:32 Adding port to hierachy module inst_a for signal sig_05!
05/12/14 12:06:32 Add_port: signal sig_05 adds port p_mix_sig_05_2_1_go to instance inst_a
05/12/14 12:06:32 Add_port: signal sig_o_a2 adds port sig_o_a2 to instance inst_t
05/12/14 12:06:32 Autoreducing port type for signal sig_02 to std_ulogic
05/12/14 12:06:32 Autoreducing port type for signal sig_02 to std_ulogic
05/12/14 12:06:32 Autoreducing port type for signal sig_02 to std_ulogic
05/12/14 12:06:32 Autoreducing port type for signal sig_02 to std_ulogic
05/12/14 12:06:32 Autoreducing port type for signal sig_05 to std_ulogic
05/12/14 12:06:33 WARNING: File verilog-mixed.xls already exists! Contents will be changed
05/12/14 12:06:34 WARNING: Rotating 3 old sheets of CONF!
05/12/14 12:06:34 WARNING: Rotating 3 old sheets of CONN!
05/12/14 12:06:35 WARNING: Rotating 3 old sheets of HIER!
05/12/14 12:06:35 WARNING: Removing old and and diff sheets in file: verilog-mixed.xls
05/12/14 12:06:35 WARNING: ERROR: workbook with different path already opened!
05/12/14 12:06:36 INFO: Port port_aa_2 of entity ent_aa one bit wide, reduce to signal

05/12/14 12:06:36 INFO: Port port_ab_2 of entity ent_ab one bit wide, reduce to signal

05/12/14 12:06:36 INFO: Port port_ac_2 of entity ent_ac one bit wide, reduce to signal

05/12/14 12:06:36 INFO: Port port_ad_2 of entity ent_ad one bit wide, reduce to signal

05/12/14 12:06:36 INFO: Port port_b_5_1 of entity ent_b one bit wide, reduce to signal

05/12/14 12:06:36 INFO: Port port_b_5_2 of entity ent_b one bit wide, reduce to signal

05/12/14 12:06:36 WARNING: ERROR: Detected missing bits in spliced port port_ae_2!
05/12/14 12:06:36 Warning: Signal sig_o_a2 does not have a driver in instance inst_a!
05/12/14 12:06:36 Signal sig_i_a does not have a load in instance inst_a!
05/12/14 12:06:36 Signal sig_i_a2 does not have a load in instance inst_a!
05/12/14 12:06:36 Warning: Signal sig_o_a does not have a driver in instance inst_a!
05/12/14 12:06:36 Signal sig_08 does not have a load in instance inst_b!
05/12/14 12:06:36 Signal sig_01 does not have a load in instance inst_b!
05/12/14 12:06:36 Warning: Signal sig_04 does not have a driver in instance inst_b!
05/12/14 12:06:36 Signal sig_07 does not have a load in instance inst_b!
05/12/14 12:06:36 Signal sig_03 does not have a load in instance inst_b!
05/12/14 12:06:36 Signal sig_05 does not have a load in instance inst_b!
05/12/14 12:06:37 Warning: Signal sig_07 does not have a driver in instance inst_t!
05/12/14 12:06:37 Signal sig_13 does not have a load in instance inst_t!
05/12/14 12:06:37 WARNING: ============= SUMMARY =================
05/12/14 12:06:37 WARNING: SUM: Summary of checks and created items:
05/12/14 12:06:37 WARNING: SUM: checkforce 0
05/12/14 12:06:37 WARNING: SUM: checkunique 0
05/12/14 12:06:37 WARNING: SUM: checkwarn 0
05/12/14 12:06:37 WARNING: SUM: cmacros 0
05/12/14 12:06:37 WARNING: SUM: conn 16
05/12/14 12:06:37 WARNING: SUM: error 1
05/12/14 12:06:37 WARNING: SUM: errors 1
05/12/14 12:06:37 WARNING: SUM: genport 13
05/12/14 12:06:37 WARNING: SUM: hdlfiles 10
05/12/14 12:06:37 WARNING: SUM: inst 16
05/12/14 12:06:37 WARNING: SUM: multdriver 4
05/12/14 12:06:37 WARNING: SUM: nodriver 4
05/12/14 12:06:37 WARNING: SUM: noload 8
05/12/14 12:06:37 WARNING: SUM: openports 0
05/12/14 12:06:37 WARNING: SUM: warnings 3
05/12/14 12:06:37 WARNING: SUM: === Number of parsed input tables: ===
05/12/14 12:06:37 WARNING: SUM: conf 0
05/12/14 12:06:37 WARNING: SUM: hier 1
05/12/14 12:06:37 WARNING: SUM: conn 1
05/12/14 12:06:37 WARNING: SUM: io 0
05/12/14 12:06:37 WARNING: SUM: i2c 0
05/12/14 12:06:37 WARNING: SUM: Number of changes in intermediate: 0
05/12/14 12:06:37 WARNING: SUM: Number of changed files: 0
