05/11/29 16:42:46 ########################################################################
05/11/29 16:42:46 CMDLINE: /cygdrive/h/work/eclipse/MIX/mix_0.pl ../../sigport.xls
05/11/29 16:42:46 
#######################################################################
##### mix_0.pl (Revision: 1.42 )
#####
##### MIX  
#####   MixUtils    1.98 $
#####   MixUtils::IO    1.35 $
#####   MixParser   1.63 $
#####   MixWriter   1.71 $
#####   MixChecker  1.10 $
#####   MixIOParser 1.17 $
#####   MixI2CParser 1.16 $
#####   MixReport 1.14 $
##### Copyright(c) Micronas GmbH 2002/2005 ALL RIGHTS RESERVED
#######################################################################
05/11/29 16:42:46 Reading worksheet CONN of H:/work/eclipse/MIX/test/xls_input/sigport/verilog/../../sigport.xls
05/11/29 16:42:46 Reading worksheet HIER_VERI of H:/work/eclipse/MIX/test/xls_input/sigport/verilog/../../sigport.xls
05/11/29 16:42:47 WARNING: INFO: Not all lowercase in new inst element TESTBENCH!
05/11/29 16:42:47 Add_port: signal sig_i_ae adds port sig_i_ae to instance inst_t
05/11/29 16:42:47 Adding port to hierachy module inst_a for signal sig_i_ae!
05/11/29 16:42:47 Add_port: signal sig_i_ae adds port p_mix_sig_i_ae_gi to instance inst_a
05/11/29 16:42:47 Add_port: signal sig_i_a adds port sig_i_a to instance inst_t
05/11/29 16:42:47 Add_port: signal sig_o_ae adds port sig_o_ae to instance inst_t
05/11/29 16:42:47 Adding port to hierachy module inst_a for signal sig_o_ae!
05/11/29 16:42:47 Add_port: signal sig_o_ae adds port p_mix_sig_o_ae_go to instance inst_a
05/11/29 16:42:47 Adding port to hierachy module inst_a for signal sig_01!
05/11/29 16:42:47 Adding port to hierachy module inst_a for signal sig_01!
05/11/29 16:42:47 Add_port: signal sig_01 adds port p_mix_sig_01_go to instance inst_a
05/11/29 16:42:47 Adding port to hierachy module inst_a for signal sig_06!
05/11/29 16:42:47 WARNING: WARNING: Signal sig_06 has mixed links into instance inst_b!
05/11/29 16:42:47 Adding port to hierachy module inst_a for signal sig_06!
05/11/29 16:42:47 WARNING: WARNING: Possible io mode conflict for sig_06 at inst_a
05/11/29 16:42:47 Add_port: signal sig_06 adds port p_mix_sig_06_gi to instance inst_a
05/11/29 16:42:47 Adding port to hierachy module inst_a for signal sig_04!
05/11/29 16:42:47 Add_port: signal sig_04 adds port p_mix_sig_04_gi to instance inst_a
05/11/29 16:42:47 Add_port: signal sig_i_a2 adds port sig_i_a2 to instance inst_t
05/11/29 16:42:47 Adding port to hierachy module inst_a for signal sig_03!
05/11/29 16:42:47 Add_port: signal sig_03 adds port p_mix_sig_03_go to instance inst_a
05/11/29 16:42:47 Add_port: signal sig_o_a adds port sig_o_a to instance inst_t
05/11/29 16:42:47 Adding port to hierachy module inst_a for signal sig_05!
05/11/29 16:42:47 Adding port to hierachy module inst_a for signal sig_05!
05/11/29 16:42:47 Add_port: signal sig_05 adds port p_mix_sig_05_2_1_go to instance inst_a
05/11/29 16:42:47 Add_port: signal sig_o_a2 adds port sig_o_a2 to instance inst_t
05/11/29 16:42:47 Autoreducing port type for signal sig_02 to std_ulogic
05/11/29 16:42:47 Autoreducing port type for signal sig_02 to std_ulogic
05/11/29 16:42:47 Autoreducing port type for signal sig_02 to std_ulogic
05/11/29 16:42:47 Autoreducing port type for signal sig_02 to std_ulogic
05/11/29 16:42:47 Autoreducing port type for signal sig_05 to std_ulogic
05/11/29 16:42:49 WARNING: File sigport-mixed.xls already exists! Contents will be changed
05/11/29 16:42:49 WARNING: Rotating 3 old sheets of CONF!
05/11/29 16:42:50 Reading worksheet CONN of H:/work/eclipse/MIX/test/xls_input/sigport/verilog/sigport-mixed.xls
05/11/29 16:42:51 WARNING: Rotating 3 old sheets of DIFF_CONN!
05/11/29 16:42:51 Reading worksheet HIER of H:/work/eclipse/MIX/test/xls_input/sigport/verilog/sigport-mixed.xls
05/11/29 16:42:52 WARNING: Rotating 3 old sheets of DIFF_HIER!
05/11/29 16:42:52 Info: unchanged file ent_a-e.vhd
05/11/29 16:42:52 Port port_aa_2 of entity ent_aa one bit wide, reduce to signal
05/11/29 16:42:52 Info: unchanged file ent_aa-e.vhd
05/11/29 16:42:52 Port port_ab_2 of entity ent_ab one bit wide, reduce to signal
05/11/29 16:42:52 Info: unchanged file ent_ab-e.vhd
05/11/29 16:42:52 Port port_ac_2 of entity ent_ac one bit wide, reduce to signal
05/11/29 16:42:52 Info: unchanged file ent_ac-e.vhd
05/11/29 16:42:52 Port port_ad_2 of entity ent_ad one bit wide, reduce to signal
05/11/29 16:42:52 Info: unchanged file ent_ad-e.vhd
05/11/29 16:42:52 Info: unchanged file ent_ae-e.vhd
05/11/29 16:42:52 INFO: Port port_b_5_1 of entity ent_b one bit wide, reduce to signal

05/11/29 16:42:52 INFO: Port port_b_5_2 of entity ent_b one bit wide, reduce to signal

05/11/29 16:42:52 Info: unchanged file ent_t-e.vhd
05/11/29 16:42:53 Signal sig_i_a does not have a load in instance inst_a!
05/11/29 16:42:53 Signal sig_i_a2 does not have a load in instance inst_a!
05/11/29 16:42:53 Warning: Signal sig_o_a does not have a driver in instance inst_a!
05/11/29 16:42:53 Warning: Signal sig_o_a2 does not have a driver in instance inst_a!
05/11/29 16:42:53 Info: unchanged file ent_a-rtl-a.vhd
05/11/29 16:42:53 Info: unchanged file ent_aa-rtl-a.vhd
05/11/29 16:42:53 Info: unchanged file ent_ab-rtl-a.vhd
05/11/29 16:42:53 Info: unchanged file ent_ac-rtl-a.vhd
05/11/29 16:42:53 Info: unchanged file ent_ad-rtl-a.vhd
05/11/29 16:42:53 Info: unchanged file ent_ae-rtl-a.vhd
05/11/29 16:42:53 Signal sig_08 does not have a load in instance inst_b!
05/11/29 16:42:53 Signal sig_01 does not have a load in instance inst_b!
05/11/29 16:42:53 Warning: Signal sig_04 does not have a driver in instance inst_b!
05/11/29 16:42:53 Signal sig_07 does not have a load in instance inst_b!
05/11/29 16:42:53 Signal sig_03 does not have a load in instance inst_b!
05/11/29 16:42:53 Signal sig_05 does not have a load in instance inst_b!
05/11/29 16:42:53 Info: unchanged file ent_b.v
05/11/29 16:42:53 Info: unchanged file ent_ba.v
05/11/29 16:42:53 Info: unchanged file ent_bb.v
05/11/29 16:42:53 Warning: Signal sig_07 does not have a driver in instance inst_t!
05/11/29 16:42:53 Signal sig_13 does not have a load in instance inst_t!
05/11/29 16:42:53 Leave unloaded port sig_13 open at instance inst_t
05/11/29 16:42:53 Info: unchanged file ent_t-rtl-a.vhd
05/11/29 16:42:54 Info: unchanged file sigport-c.vhd
05/11/29 16:42:54 WARNING: ============= SUMMARY =================
05/11/29 16:42:54 WARNING: SUM: Summary of checks and created items:
05/11/29 16:42:54 WARNING: SUM: checkforce 0
05/11/29 16:42:54 WARNING: SUM: checkunique 0
05/11/29 16:42:54 WARNING: SUM: checkwarn 0
05/11/29 16:42:54 WARNING: SUM: cmacros 0
05/11/29 16:42:54 WARNING: SUM: conn 15
05/11/29 16:42:54 WARNING: SUM: errors 0
05/11/29 16:42:54 WARNING: SUM: genport 13
05/11/29 16:42:54 WARNING: SUM: hdlfiles 18
05/11/29 16:42:54 WARNING: SUM: inst 16
05/11/29 16:42:54 WARNING: SUM: multdriver 4
05/11/29 16:42:54 WARNING: SUM: nodriver 4
05/11/29 16:42:54 WARNING: SUM: noload 8
05/11/29 16:42:54 WARNING: SUM: openports 1
05/11/29 16:42:54 WARNING: SUM: warnings 2
05/11/29 16:42:54 WARNING: SUM: === Number of parsed input tables: ===
05/11/29 16:42:54 WARNING: SUM: conf 0
05/11/29 16:42:54 WARNING: SUM: hier 1
05/11/29 16:42:54 WARNING: SUM: conn 1
05/11/29 16:42:54 WARNING: SUM: io 0
05/11/29 16:42:54 WARNING: SUM: i2c 0
05/11/29 16:42:54 WARNING: SUM: Number of changes in intermediate: 0
05/11/29 16:42:54 WARNING: SUM: Number of changed files: 0
