05/11/30 08:40:51 ########################################################################
05/11/30 08:40:51 CMDLINE: /cygdrive/h/work/eclipse/MIX/mix_0.pl ../../generic.xls
05/11/30 08:40:51 
#######################################################################
##### mix_0.pl (Revision: 1.42 )
#####
##### MIX  
#####   MixUtils    1.98 $
#####   MixUtils::IO    1.35 $
#####   MixParser   1.63 $
#####   MixWriter   1.71 $
#####   MixChecker  1.10 $
#####   MixIOParser 1.17 $
#####   MixI2CParser 1.16 $
#####   MixReport 1.16 $
##### Copyright(c) Micronas GmbH 2002/2005 ALL RIGHTS RESERVED
#######################################################################
05/11/30 08:40:51 Reading worksheet CONN of H:/work/eclipse/MIX/test/xls_input/generic/veriovhd/../../generic.xls
05/11/30 08:40:51 Reading worksheet HIER_VERIOVHD of H:/work/eclipse/MIX/test/xls_input/generic/veriovhd/../../generic.xls
05/11/30 08:40:51 Added new column header ::result
05/11/30 08:40:51 WARNING: INFO: Not all lowercase in new conn element GENERIC_0!
05/11/30 08:40:51 WARNING: INFO: Not all lowercase in new conn element GENERIC_PAD!
05/11/30 08:40:51 WARNING: INFO: Not all lowercase in new conn element GENERIC_0_AB!
05/11/30 08:40:51 WARNING: INFO: Not all lowercase in new conn element PARAMETER_ND!
05/11/30 08:40:52 WARNING: INFO: Not all lowercase in new conn element PARAMETER_1_1!
05/11/30 08:40:52 WARNING: INFO: Not all lowercase in new conn element PARAMETER_1_4!
05/11/30 08:40:52 WARNING: INFO: Not all lowercase in new conn element PARAMETER_1_2!
05/11/30 08:40:52 WARNING: INFO: Not all lowercase in new conn element PARAMETER_1_3!
05/11/30 08:40:52 WARNING: INFO: Not all lowercase in new conn element PARAMETER_2M_6!
05/11/30 08:40:52 WARNING: INFO: Not all lowercase in new conn element PARAMETER_2M_10!
05/11/30 08:40:52 WARNING: INFO: Not all lowercase in new conn element PARAMETER_2M_8!
05/11/30 08:40:52 WARNING: INFO: Not all lowercase in new conn element PARAMETER_2M_7!
05/11/30 08:40:52 WARNING: INFO: Not all lowercase in new conn element PARAMETER_2M_9!
05/11/30 08:40:52 WARNING: INFO: Not all lowercase in new conn element GENERIC_2_6!
05/11/30 08:40:52 WARNING: INFO: Not all lowercase in new conn element GENERIC_2_7!
05/11/30 08:40:52 WARNING: INFO: Not all lowercase in new conn element PARAMETER_2_10!
05/11/30 08:40:52 WARNING: INFO: Not all lowercase in new conn element PARAMETER_2_8!
05/11/30 08:40:52 WARNING: INFO: Not all lowercase in new conn element PARAMETER_2_7!
05/11/30 08:40:52 WARNING: INFO: Not all lowercase in new conn element PARAMETER_2_9!
05/11/30 08:40:52 WARNING: INFO: Not all lowercase in new conn element PARAMETER_1M_1!
05/11/30 08:40:52 WARNING: INFO: Not all lowercase in new conn element PARAMETER_1M_5!
05/11/30 08:40:52 WARNING: INFO: Not all lowercase in new conn element PARAMETER_1M_4!
05/11/30 08:40:52 WARNING: INFO: Not all lowercase in new conn element PARAMETER_1M_2!
05/11/30 08:40:52 WARNING: INFO: Not all lowercase in new conn element PARAMETER_1M_3!
05/11/30 08:40:52 WARNING: INFO: Not all lowercase in new port element FOO!
05/11/30 08:40:52 WARNING: INFO: Not all lowercase in new port element NO_DEFAULT!
05/11/30 08:40:52 WARNING: INFO: Not all lowercase in new port element NO_NAME!
05/11/30 08:40:52 WARNING: INFO: Not all lowercase in new port element PRE_GENERIC!
05/11/30 08:40:52 WARNING: INFO: Not all lowercase in new port element WIDTH!
05/11/30 08:40:53 WARNING: File generic-mixed.xls already exists! Contents will be changed
05/11/30 08:40:53 WARNING: Rotating 3 old sheets of CONF!
05/11/30 08:40:55 Reading worksheet CONN of H:/work/eclipse/MIX/test/xls_input/generic/veriovhd/generic-mixed.xls
05/11/30 08:40:55 WARNING: Rotating 3 old sheets of DIFF_CONN!
05/11/30 08:40:56 Reading worksheet HIER of H:/work/eclipse/MIX/test/xls_input/generic/veriovhd/generic-mixed.xls
05/11/30 08:40:56 WARNING: Rotating 3 old sheets of DIFF_HIER!
05/11/30 08:40:56 Info: unchanged file inst_1_e-rtl-a.vhd
05/11/30 08:40:57 Info: unchanged file inst_10_e-rtl-a.vhd
05/11/30 08:40:57 Info: unchanged file inst_2_e-rtl-a.vhd
05/11/30 08:40:57 Info: unchanged file inst_3_e-rtl-a.vhd
05/11/30 08:40:57 Info: unchanged file inst_4_e-rtl-a.vhd
05/11/30 08:40:57 Info: unchanged file inst_5_e-rtl-a.vhd
05/11/30 08:40:57 Info: unchanged file inst_6_e-rtl-a.vhd
05/11/30 08:40:57 Info: unchanged file inst_7_e-rtl-a.vhd
05/11/30 08:40:57 Info: unchanged file inst_8_e-rtl-a.vhd
05/11/30 08:40:57 Info: unchanged file inst_9_e-rtl-a.vhd
05/11/30 08:40:57 Info: unchanged file inst_a_e.v
05/11/30 08:40:58 Info: unchanged file inst_aa_e-rtl-a.vhd
05/11/30 08:40:58 Info: unchanged file inst_ab_e-rtl-a.vhd
05/11/30 08:40:58 Info: unchanged file inst_ac_e-rtl-a.vhd
05/11/30 08:40:58 Info: unchanged file inst_ad_e-rtl-a.vhd
05/11/30 08:40:58 Info: unchanged file inst_ae_e-rtl-a.vhd
05/11/30 08:40:58 Info: unchanged file inst_e_e.v
05/11/30 08:40:58 Info: unchanged file inst_ea_e.v
05/11/30 08:40:58 Info: unchanged file inst_m_e-rtl-a.vhd
05/11/30 08:40:58 Info: unchanged file inst_t_e.v
05/11/30 08:40:58 WARNING: ============= SUMMARY =================
05/11/30 08:40:58 WARNING: SUM: Summary of checks and created items:
05/11/30 08:40:58 WARNING: SUM: checkforce 0
05/11/30 08:40:58 WARNING: SUM: checkunique 0
05/11/30 08:40:58 WARNING: SUM: checkwarn 0
05/11/30 08:40:58 WARNING: SUM: cmacros 0
05/11/30 08:40:58 WARNING: SUM: conn 26
05/11/30 08:40:58 WARNING: SUM: errors 0
05/11/30 08:40:58 WARNING: SUM: genport 0
05/11/30 08:40:58 WARNING: SUM: hdlfiles 20
05/11/30 08:40:58 WARNING: SUM: inst 35
05/11/30 08:40:58 WARNING: SUM: multdriver 0
05/11/30 08:40:58 WARNING: SUM: nodriver 0
05/11/30 08:40:58 WARNING: SUM: noload 0
05/11/30 08:40:58 WARNING: SUM: openports 0
05/11/30 08:40:58 WARNING: SUM: warnings 0
05/11/30 08:40:58 WARNING: SUM: === Number of parsed input tables: ===
05/11/30 08:40:58 WARNING: SUM: conf 0
05/11/30 08:40:58 WARNING: SUM: hier 1
05/11/30 08:40:58 WARNING: SUM: conn 1
05/11/30 08:40:58 WARNING: SUM: io 0
05/11/30 08:40:58 WARNING: SUM: i2c 0
05/11/30 08:40:58 WARNING: SUM: Number of changes in intermediate: 0
05/11/30 08:40:58 WARNING: SUM: Number of changed files: 0
