05/07/15 15:04:45 
#######################################################################
##### mix_0.pl (Revision: 1.36 )
#####
##### MIX  
#####   MixUtils    1.66 $
#####   MixUtils::IO    1.22 $
#####   MixParser   1.53 $
#####   MixWriter   1.55 $
#####   MixChecker  1.8 $
#####   MixIOParser 1.17 $
#####   MixI2CParser 1.13 $
##### Copyright(c) Micronas GmbH 2002/2005 ALL RIGHTS RESERVED
#######################################################################
05/07/15 15:04:45 Reading worksheet CONN of h:/work/eclipse/mix/test/xls_input/udc/../udc.xls
05/07/15 15:04:45 Reading worksheet HIER of h:/work/eclipse/mix/test/xls_input/udc/../udc.xls
05/07/15 15:04:45 Reading worksheet IO of h:/work/eclipse/mix/test/xls_input/udc/../udc.xls
05/07/15 15:04:45 Add_port: signal signal_bb_ab adds port signal_bb_ab to instance inst_t_i
05/07/15 15:04:45 Adding port to hierachy module inst_a_i for signal signal_bb_ab!
05/07/15 15:04:45 Adding port to hierachy module inst_b_i for signal signal_bb_ab!
05/07/15 15:04:45 Add_port: signal signal_bb_ab adds port p_mix_signal_bb_ab_gi to instance inst_a_i
05/07/15 15:04:45 Add_port: signal signal_bb_ab adds port p_mix_signal_bb_ab_go to instance inst_b_i
05/07/15 15:04:45 Adding port to hierachy module inst_b_i for signal signal_aa_ba!
05/07/15 15:04:45 Adding port to hierachy module inst_a_i for signal signal_aa_ba!
05/07/15 15:04:45 Add_port: signal signal_aa_ba adds port p_mix_signal_aa_ba_gi to instance inst_b_i
05/07/15 15:04:45 Add_port: signal signal_aa_ba adds port p_mix_signal_aa_ba_go to instance inst_a_i
05/07/15 15:04:47 WARNING: Rotating 3 old sheets of CONF!
05/07/15 15:04:48 Reading worksheet CONN of h:/work/eclipse/mix/test/xls_input/udc/udc-mixed.xls
05/07/15 15:04:48 WARNING: Rotating 3 old sheets of DIFF_CONN!
05/07/15 15:04:48 Reading worksheet HIER of h:/work/eclipse/mix/test/xls_input/udc/udc-mixed.xls
05/07/15 15:04:48 WARNING: Rotating 3 old sheets of DIFF_HIER!
05/07/15 15:04:48 Info: unchanged file inst_a_e-e.vhd
05/07/15 15:04:48 Info: unchanged file inst_ab_e-e.vhd
05/07/15 15:04:48 Info: unchanged file inst_b_e-e.vhd
05/07/15 15:04:49 Info: unchanged file inst_bb_e-e.vhd
05/07/15 15:04:49 Info: unchanged file inst_t_e-e.vhd
05/07/15 15:04:49 Info: unchanged file inst_xa_e-e.vhd
05/07/15 15:04:49 Info: unchanged file inst_a_e-rtl-a.vhd
05/07/15 15:04:49 Info: unchanged file inst_xa_e-rtl-a.vhd
05/07/15 15:04:49 Info: unchanged file inst_ab_e-rtl-a.vhd
05/07/15 15:04:49 Info: unchanged file inst_b_e-rtl-a.vhd
05/07/15 15:04:49 Info: unchanged file inst_bb_e-rtl-a.vhd
05/07/15 15:04:49 Info: unchanged file inst_t_e-rtl-a.vhd
05/07/15 15:04:49 Info: unchanged file inst_a_e-rtl-conf-c.vhd
05/07/15 15:04:49 Info: unchanged file inst_b_e-rtl-conf-c.vhd
05/07/15 15:04:49 Info: unchanged file inst_t_e-rtl-conf-c.vhd
05/07/15 15:04:49 WARNING: ============= SUMMARY =================
05/07/15 15:04:49 WARNING: SUM: Summary of checks and created items:
05/07/15 15:04:49 WARNING: SUM: checkforce 0
05/07/15 15:04:49 WARNING: SUM: checkunique 0
05/07/15 15:04:49 WARNING: SUM: checkwarn 0
05/07/15 15:04:49 WARNING: SUM: cmacros 0
05/07/15 15:04:49 WARNING: SUM: conn 4
05/07/15 15:04:49 WARNING: SUM: errors 0
05/07/15 15:04:49 WARNING: SUM: genport 5
05/07/15 15:04:49 WARNING: SUM: hdlfiles 15
05/07/15 15:04:49 WARNING: SUM: inst 13
05/07/15 15:04:49 WARNING: SUM: multdriver 0
05/07/15 15:04:49 WARNING: SUM: nodriver 0
05/07/15 15:04:49 WARNING: SUM: noload 0
05/07/15 15:04:49 WARNING: SUM: open 1
05/07/15 15:04:49 WARNING: SUM: openports 0
05/07/15 15:04:49 WARNING: SUM: tie_hl 1
05/07/15 15:04:49 WARNING: SUM: warnings 0
05/07/15 15:04:49 WARNING: SUM: === Number of parsed input tables: ===
05/07/15 15:04:49 WARNING: SUM: conf 0
05/07/15 15:04:49 WARNING: SUM: hier 1
05/07/15 15:04:49 WARNING: SUM: conn 1
05/07/15 15:04:49 WARNING: SUM: io 1
05/07/15 15:04:49 WARNING: SUM: i2c 0
05/07/15 15:04:49 WARNING: SUM: Number of changes in intermediate: 0
05/07/15 15:04:49 WARNING: SUM: Number of changed files: 0
