05/10/12 15:27:58 ########################################################################
05/10/12 15:27:58 CMDLINE: /cygdrive/h/work/eclipse/MIX/mix_0.pl -sheet HIER=HIER_VHDL ../../verilog.xls
05/10/12 15:27:58 
#######################################################################
##### mix_0.pl (Revision: 1.37 )
#####
##### MIX  
#####   MixUtils    1.73 $
#####   MixUtils::IO    1.27 $
#####   MixParser   1.58 $
#####   MixWriter   1.59 $
#####   MixChecker  1.9 $
#####   MixIOParser 1.17 $
#####   MixI2CParser 1.14 $
#####   MixReport 1.2 $
##### Copyright(c) Micronas GmbH 2002/2005 ALL RIGHTS RESERVED
#######################################################################
05/10/12 15:27:58 Reading worksheet CONN of H:/work/eclipse/MIX/test/xls_input/verilog/vhdl/../../verilog.xls
05/10/12 15:27:58 Reading worksheet HIER_VHDL of H:/work/eclipse/MIX/test/xls_input/verilog/vhdl/../../verilog.xls
05/10/12 15:27:59 WARNING: INFO: Not all lowercase in new inst element TESTBENCH!
05/10/12 15:27:59 Add_port: signal sig_i_ae adds port sig_i_ae to instance inst_t
05/10/12 15:27:59 Adding port to hierachy module inst_a for signal sig_i_ae!
05/10/12 15:27:59 Add_port: signal sig_i_ae adds port p_mix_sig_i_ae_gi to instance inst_a
05/10/12 15:27:59 Add_port: signal sig_i_a adds port sig_i_a to instance inst_t
05/10/12 15:27:59 Add_port: signal sig_o_ae adds port sig_o_ae to instance inst_t
05/10/12 15:27:59 Adding port to hierachy module inst_a for signal sig_o_ae!
05/10/12 15:27:59 Add_port: signal sig_o_ae adds port p_mix_sig_o_ae_go to instance inst_a
05/10/12 15:27:59 Adding port to hierachy module inst_a for signal sig_01!
05/10/12 15:27:59 Adding port to hierachy module inst_a for signal sig_01!
05/10/12 15:27:59 Add_port: signal sig_01 adds port p_mix_sig_01_go to instance inst_a
05/10/12 15:27:59 Adding port to hierachy module inst_a for signal sig_06!
05/10/12 15:27:59 WARNING: WARNING: Signal sig_06 has mixed links into instance inst_b!
05/10/12 15:27:59 Adding port to hierachy module inst_a for signal sig_06!
05/10/12 15:27:59 WARNING: WARNING: Possible io mode conflict for sig_06 at inst_a
05/10/12 15:27:59 Add_port: signal sig_06 adds port p_mix_sig_06_gi to instance inst_a
05/10/12 15:27:59 Adding port to hierachy module inst_a for signal sig_04!
05/10/12 15:27:59 Add_port: signal sig_04 adds port p_mix_sig_04_gi to instance inst_a
05/10/12 15:27:59 Add_port: signal sig_i_a2 adds port sig_i_a2 to instance inst_t
05/10/12 15:27:59 Adding port to hierachy module inst_a for signal sig_03!
05/10/12 15:27:59 Add_port: signal sig_03 adds port p_mix_sig_03_go to instance inst_a
05/10/12 15:27:59 Add_port: signal sig_o_a adds port sig_o_a to instance inst_t
05/10/12 15:27:59 Adding port to hierachy module inst_a for signal sig_05!
05/10/12 15:27:59 Adding port to hierachy module inst_a for signal sig_05!
05/10/12 15:27:59 Add_port: signal sig_05 adds port p_mix_sig_05_2_1_go to instance inst_a
05/10/12 15:27:59 Add_port: signal sig_o_a2 adds port sig_o_a2 to instance inst_t
05/10/12 15:27:59 Autoreducing port type for signal sig_02 to std_ulogic
05/10/12 15:27:59 Autoreducing port type for signal sig_02 to std_ulogic
05/10/12 15:27:59 Autoreducing port type for signal sig_02 to std_ulogic
05/10/12 15:27:59 Autoreducing port type for signal sig_02 to std_ulogic
05/10/12 15:27:59 Autoreducing port type for signal sig_05 to std_ulogic
05/10/12 15:28:00 WARNING: File verilog-mixed.xls already exists! Contents will be changed
05/10/12 15:28:00 WARNING: Rotating 3 old sheets of CONF!
05/10/12 15:28:02 Reading worksheet CONN of H:/work/eclipse/MIX/test/xls_input/verilog/vhdl/verilog-mixed.xls
05/10/12 15:28:02 WARNING: Rotating 3 old sheets of DIFF_CONN!
05/10/12 15:28:02 WARNING: INFO: Detected 1 changes in intermediate sheet CONN, in file verilog-mixed.xls
05/10/12 15:28:02 Reading worksheet HIER of H:/work/eclipse/MIX/test/xls_input/verilog/vhdl/verilog-mixed.xls
05/10/12 15:28:03 WARNING: Rotating 3 old sheets of DIFF_HIER!
05/10/12 15:28:04 Info: unchanged file ent_a-e.vhd
05/10/12 15:28:04 Port port_aa_2 of entity ent_aa one bit wide, reduce to signal
05/10/12 15:28:04 WARNING: Info: file ent_aa-e.vhd has changes!
05/10/12 15:28:04 Port port_ab_2 of entity ent_ab one bit wide, reduce to signal
05/10/12 15:28:04 WARNING: Info: file ent_ab-e.vhd has changes!
05/10/12 15:28:04 Port port_ac_2 of entity ent_ac one bit wide, reduce to signal
05/10/12 15:28:04 Info: unchanged file ent_ac-e.vhd
05/10/12 15:28:04 Port port_ad_2 of entity ent_ad one bit wide, reduce to signal
05/10/12 15:28:05 Info: unchanged file ent_ad-e.vhd
05/10/12 15:28:05 Info: unchanged file ent_ae-e.vhd
05/10/12 15:28:05 Port port_b_5_1 of entity ent_b one bit wide, reduce to signal
05/10/12 15:28:05 Port port_b_5_2 of entity ent_b one bit wide, reduce to signal
05/10/12 15:28:05 Info: unchanged file ent_b-e.vhd
05/10/12 15:28:06 Info: unchanged file ent_ba-e.vhd
05/10/12 15:28:06 Info: unchanged file ent_bb-e.vhd
05/10/12 15:28:06 Info: unchanged file ent_t-e.vhd
05/10/12 15:28:06 Warning: Signal sig_o_a2 does not have a driver in instance inst_a!
05/10/12 15:28:06 Signal sig_i_a does not have a load in instance inst_a!
05/10/12 15:28:06 Signal sig_i_a2 does not have a load in instance inst_a!
05/10/12 15:28:06 Warning: Signal sig_o_a does not have a driver in instance inst_a!
05/10/12 15:28:07 WARNING: Info: file ent_a-rtl-a.vhd has changes!
05/10/12 15:28:07 Info: unchanged file ent_aa-rtl-a.vhd
05/10/12 15:28:07 Info: unchanged file ent_ab-rtl-a.vhd
05/10/12 15:28:07 Info: unchanged file ent_ac-rtl-a.vhd
05/10/12 15:28:07 Info: unchanged file ent_ad-rtl-a.vhd
05/10/12 15:28:07 Info: unchanged file ent_ae-rtl-a.vhd
05/10/12 15:28:07 Signal sig_08 does not have a load in instance inst_b!
05/10/12 15:28:07 Signal sig_01 does not have a load in instance inst_b!
05/10/12 15:28:07 Warning: Signal sig_04 does not have a driver in instance inst_b!
05/10/12 15:28:07 Signal sig_07 does not have a load in instance inst_b!
05/10/12 15:28:07 Signal sig_03 does not have a load in instance inst_b!
05/10/12 15:28:07 Signal sig_05 does not have a load in instance inst_b!
05/10/12 15:28:08 Info: unchanged file ent_b-rtl-a.vhd
05/10/12 15:28:08 Info: unchanged file ent_ba-rtl-a.vhd
05/10/12 15:28:08 Info: unchanged file ent_bb-rtl-a.vhd
05/10/12 15:28:08 Warning: Signal sig_07 does not have a driver in instance inst_t!
05/10/12 15:28:08 Signal sig_13 does not have a load in instance inst_t!
05/10/12 15:28:08 Leave unloaded port sig_13 open at instance inst_t
05/10/12 15:28:08 Info: unchanged file ent_t-rtl-a.vhd
05/10/12 15:28:08 Info: unchanged file ent_a-rtl-conf-c.vhd
05/10/12 15:28:09 Info: unchanged file ent_aa-rtl-conf-c.vhd
05/10/12 15:28:09 Info: unchanged file ent_ab-rtl-conf-c.vhd
05/10/12 15:28:09 Info: unchanged file ent_ac-rtl-conf-c.vhd
05/10/12 15:28:09 Info: unchanged file ent_ad-rtl-conf-c.vhd
05/10/12 15:28:09 Info: unchanged file ent_ae-rtl-conf-c.vhd
05/10/12 15:28:10 Info: unchanged file ent_b-rtl-conf-c.vhd
05/10/12 15:28:10 Info: unchanged file ent_ba-rtl-conf-c.vhd
05/10/12 15:28:10 Info: unchanged file ent_bb-rtl-conf-c.vhd
05/10/12 15:28:10 Info: unchanged file ent_t-rtl-conf-c.vhd
05/10/12 15:28:10 WARNING: ============= SUMMARY =================
05/10/12 15:28:10 WARNING: SUM: Summary of checks and created items:
05/10/12 15:28:10 WARNING: SUM: checkforce 0
05/10/12 15:28:10 WARNING: SUM: checkunique 0
05/10/12 15:28:10 WARNING: SUM: checkwarn 0
05/10/12 15:28:10 WARNING: SUM: cmacros 0
05/10/12 15:28:10 WARNING: SUM: conn 16
05/10/12 15:28:10 WARNING: SUM: errors 0
05/10/12 15:28:10 WARNING: SUM: genport 13
05/10/12 15:28:10 WARNING: SUM: hdlfiles 30
05/10/12 15:28:10 WARNING: SUM: inst 16
05/10/12 15:28:10 WARNING: SUM: multdriver 4
05/10/12 15:28:10 WARNING: SUM: nodriver 4
05/10/12 15:28:10 WARNING: SUM: noload 8
05/10/12 15:28:10 WARNING: SUM: openports 1
05/10/12 15:28:10 WARNING: SUM: warnings 3
05/10/12 15:28:10 WARNING: SUM: === Number of parsed input tables: ===
05/10/12 15:28:10 WARNING: SUM: conf 0
05/10/12 15:28:10 WARNING: SUM: hier 1
05/10/12 15:28:10 WARNING: SUM: conn 1
05/10/12 15:28:10 WARNING: SUM: io 0
05/10/12 15:28:10 WARNING: SUM: i2c 0
05/10/12 15:28:10 WARNING: SUM: Number of changes in intermediate: 1
05/10/12 15:28:10 WARNING: SUM: Number of changed files: 3
