05/10/24 05:49:45 ########################################################################
05/10/24 05:49:45 CMDLINE: /cygdrive/h/work/eclipse/MIX/mix_0.pl -nodelta ../../verilog.xls
05/10/24 05:49:45 
#######################################################################
##### mix_0.pl (Revision: 1.38 )
#####
##### MIX  
#####   MixUtils    1.80 $
#####   MixUtils::IO    1.32 $
#####   MixParser   1.59 $
#####   MixWriter   1.62 $
#####   MixChecker  1.10 $
#####   MixIOParser 1.17 $
#####   MixI2CParser 1.14 $
#####   MixReport 1.5 $
##### Copyright(c) Micronas GmbH 2002/2005 ALL RIGHTS RESERVED
#######################################################################
05/10/24 05:49:46 Reading worksheet CONN of H:/work/eclipse/MIX/test/xls_input/verilog/leaforeg/../../verilog.xls
05/10/24 05:49:46 Reading worksheet HIER of H:/work/eclipse/MIX/test/xls_input/verilog/leaforeg/../../verilog.xls
05/10/24 05:49:46 WARNING: INFO: Not all lowercase in new inst element TESTBENCH!
05/10/24 05:49:46 Add_port: signal sig_i_ae adds port sig_i_ae to instance inst_t
05/10/24 05:49:46 Adding port to hierachy module inst_a for signal sig_i_ae!
05/10/24 05:49:46 Add_port: signal sig_i_ae adds port p_mix_sig_i_ae_gi to instance inst_a
05/10/24 05:49:46 Add_port: signal sig_i_a adds port sig_i_a to instance inst_t
05/10/24 05:49:46 Add_port: signal sig_o_ae adds port sig_o_ae to instance inst_t
05/10/24 05:49:46 Adding port to hierachy module inst_a for signal sig_o_ae!
05/10/24 05:49:46 Add_port: signal sig_o_ae adds port p_mix_sig_o_ae_go to instance inst_a
05/10/24 05:49:46 Adding port to hierachy module inst_a for signal sig_01!
05/10/24 05:49:46 Adding port to hierachy module inst_a for signal sig_01!
05/10/24 05:49:46 Add_port: signal sig_01 adds port p_mix_sig_01_go to instance inst_a
05/10/24 05:49:46 Adding port to hierachy module inst_a for signal sig_06!
05/10/24 05:49:46 WARNING: WARNING: Signal sig_06 has mixed links into instance inst_b!
05/10/24 05:49:46 Adding port to hierachy module inst_a for signal sig_06!
05/10/24 05:49:46 WARNING: WARNING: Possible io mode conflict for sig_06 at inst_a
05/10/24 05:49:46 Add_port: signal sig_06 adds port p_mix_sig_06_gi to instance inst_a
05/10/24 05:49:46 Adding port to hierachy module inst_a for signal sig_04!
05/10/24 05:49:46 Add_port: signal sig_04 adds port p_mix_sig_04_gi to instance inst_a
05/10/24 05:49:46 Add_port: signal sig_i_a2 adds port sig_i_a2 to instance inst_t
05/10/24 05:49:46 Adding port to hierachy module inst_a for signal sig_03!
05/10/24 05:49:46 Add_port: signal sig_03 adds port p_mix_sig_03_go to instance inst_a
05/10/24 05:49:46 Add_port: signal sig_o_a adds port sig_o_a to instance inst_t
05/10/24 05:49:46 Adding port to hierachy module inst_a for signal sig_05!
05/10/24 05:49:46 Adding port to hierachy module inst_a for signal sig_05!
05/10/24 05:49:46 Add_port: signal sig_05 adds port p_mix_sig_05_2_1_go to instance inst_a
05/10/24 05:49:46 Add_port: signal sig_o_a2 adds port sig_o_a2 to instance inst_t
05/10/24 05:49:46 Autoreducing port type for signal sig_02 to std_ulogic
05/10/24 05:49:46 Autoreducing port type for signal sig_02 to std_ulogic
05/10/24 05:49:46 Autoreducing port type for signal sig_02 to std_ulogic
05/10/24 05:49:46 Autoreducing port type for signal sig_02 to std_ulogic
05/10/24 05:49:46 Autoreducing port type for signal sig_05 to std_ulogic
05/10/24 05:49:48 WARNING: Rotating 3 old sheets of CONF!
05/10/24 05:49:48 WARNING: Rotating 3 old sheets of CONN!
05/10/24 05:49:48 WARNING: Rotating 3 old sheets of HIER!
05/10/24 05:49:49 INFO: Port port_aa_2 of entity ent_aa one bit wide, reduce to signal

05/10/24 05:49:49 INFO: Port port_ab_2 of entity ent_ab one bit wide, reduce to signal

05/10/24 05:49:49 INFO: Port port_ac_2 of entity ent_ac one bit wide, reduce to signal

05/10/24 05:49:49 INFO: Port port_ad_2 of entity ent_ad one bit wide, reduce to signal

05/10/24 05:49:49 INFO: Port port_b_5_1 of entity ent_b one bit wide, reduce to signal

05/10/24 05:49:49 INFO: Port port_b_5_2 of entity ent_b one bit wide, reduce to signal

05/10/24 05:49:49 WARNING: ERROR: Detected missing bits in spliced port port_ae_2!
05/10/24 05:49:49 Warning: Signal sig_o_a2 does not have a driver in instance inst_a!
05/10/24 05:49:49 Signal sig_i_a does not have a load in instance inst_a!
05/10/24 05:49:49 Signal sig_i_a2 does not have a load in instance inst_a!
05/10/24 05:49:49 Warning: Signal sig_o_a does not have a driver in instance inst_a!
05/10/24 05:49:49 Signal sig_08 does not have a load in instance inst_b!
05/10/24 05:49:49 Signal sig_01 does not have a load in instance inst_b!
05/10/24 05:49:49 Warning: Signal sig_04 does not have a driver in instance inst_b!
05/10/24 05:49:49 Signal sig_07 does not have a load in instance inst_b!
05/10/24 05:49:49 Signal sig_03 does not have a load in instance inst_b!
05/10/24 05:49:49 Signal sig_05 does not have a load in instance inst_b!
05/10/24 05:49:49 Warning: Signal sig_07 does not have a driver in instance inst_t!
05/10/24 05:49:49 Signal sig_13 does not have a load in instance inst_t!
05/10/24 05:49:49 WARNING: ============= SUMMARY =================
05/10/24 05:49:49 WARNING: SUM: Summary of checks and created items:
05/10/24 05:49:49 WARNING: SUM: checkforce 0
05/10/24 05:49:49 WARNING: SUM: checkunique 0
05/10/24 05:49:49 WARNING: SUM: checkwarn 0
05/10/24 05:49:49 WARNING: SUM: cmacros 0
05/10/24 05:49:49 WARNING: SUM: conn 16
05/10/24 05:49:49 WARNING: SUM: error 1
05/10/24 05:49:49 WARNING: SUM: errors 0
05/10/24 05:49:49 WARNING: SUM: genport 13
05/10/24 05:49:49 WARNING: SUM: hdlfiles 10
05/10/24 05:49:49 WARNING: SUM: inst 16
05/10/24 05:49:49 WARNING: SUM: multdriver 4
05/10/24 05:49:49 WARNING: SUM: nodriver 4
05/10/24 05:49:49 WARNING: SUM: noload 8
05/10/24 05:49:49 WARNING: SUM: openports 0
05/10/24 05:49:49 WARNING: SUM: warnings 2
05/10/24 05:49:49 WARNING: SUM: === Number of parsed input tables: ===
05/10/24 05:49:49 WARNING: SUM: conf 0
05/10/24 05:49:49 WARNING: SUM: hier 1
05/10/24 05:49:49 WARNING: SUM: conn 1
05/10/24 05:49:49 WARNING: SUM: io 0
05/10/24 05:49:49 WARNING: SUM: i2c 0
