05/11/30 08:50:36 ########################################################################
05/11/30 08:50:36 CMDLINE: /cygdrive/h/work/eclipse/MIX/mix_0.pl ../genwidth.xls
05/11/30 08:50:36 
#######################################################################
##### mix_0.pl (Revision: 1.42 )
#####
##### MIX  
#####   MixUtils    1.98 $
#####   MixUtils::IO    1.35 $
#####   MixParser   1.63 $
#####   MixWriter   1.71 $
#####   MixChecker  1.10 $
#####   MixIOParser 1.17 $
#####   MixI2CParser 1.16 $
#####   MixReport 1.16 $
##### Copyright(c) Micronas GmbH 2002/2005 ALL RIGHTS RESERVED
#######################################################################
05/11/30 08:50:37 Reading worksheet CONN of H:/work/eclipse/MIX/test/xls_input/genwidth/../genwidth.xls
05/11/30 08:50:37 Reading worksheet HIER of H:/work/eclipse/MIX/test/xls_input/genwidth/../genwidth.xls
05/11/30 08:50:37 Reading worksheet IO of H:/work/eclipse/MIX/test/xls_input/genwidth/../genwidth.xls
05/11/30 08:50:38 WARNING: File genwidth-mixed.xls already exists! Contents will be changed
05/11/30 08:50:39 WARNING: Rotating 3 old sheets of CONF!
05/11/30 08:50:40 Reading worksheet CONN of H:/work/eclipse/MIX/test/xls_input/genwidth/genwidth-mixed.xls
05/11/30 08:50:40 WARNING: Rotating 3 old sheets of DIFF_CONN!
05/11/30 08:50:41 Reading worksheet HIER of H:/work/eclipse/MIX/test/xls_input/genwidth/genwidth-mixed.xls
05/11/30 08:50:41 WARNING: Rotating 3 old sheets of DIFF_HIER!
05/11/30 08:50:41 Info: unchanged file inst_a_e-e.vhd
05/11/30 08:50:42 Info: unchanged file inst_aa_e-e.vhd
05/11/30 08:50:42 Info: unchanged file inst_ab_e-e.vhd
05/11/30 08:50:42 WARNING: Info: signal y_c422444 bounds width - 1 .. 0 or port y_p_i width - 1 .. 0 not a number!
05/11/30 08:50:42 WARNING: Info: signal y_c422444 bounds width - 1 .. 0 or port y_p_i width - 1 .. 0 not a number!
05/11/30 08:50:42 WARNING: Info: signal y_c422444 bounds width - 1 .. 0 or port y_p0_i width - 1 .. 0 not a number!
05/11/30 08:50:42 WARNING: Info: signal y_c422444 bounds width - 1 .. 0 or port y_p0_i width - 1 .. 0 not a number!
05/11/30 08:50:42 WARNING: Info: signal y_defwidth bounds `dwidth - 1 .. 0 or port defwidth `dwidth - 1 .. 0 not a number!
05/11/30 08:50:42 WARNING: Info: signal y_defwidth bounds `dwidth - 1 .. 0 or port defwidth `dwidth - 1 .. 0 not a number!
05/11/30 08:50:42 Warning: Signal y_defwidth does not have a driver in instance inst_a!
05/11/30 08:50:42 Info: unchanged file inst_a_e-rtl-a.vhd
05/11/30 08:50:42 Info: unchanged file inst_a_e-rtl-conf-c.vhd
05/11/30 08:50:42 WARNING: ============= SUMMARY =================
05/11/30 08:50:42 WARNING: SUM: Summary of checks and created items:
05/11/30 08:50:42 WARNING: SUM: checkforce 0
05/11/30 08:50:42 WARNING: SUM: checkunique 0
05/11/30 08:50:42 WARNING: SUM: checkwarn 0
05/11/30 08:50:42 WARNING: SUM: cmacros 0
05/11/30 08:50:42 WARNING: SUM: conn 4
05/11/30 08:50:42 WARNING: SUM: errors 0
05/11/30 08:50:42 WARNING: SUM: genport 0
05/11/30 08:50:42 WARNING: SUM: hdlfiles 5
05/11/30 08:50:42 WARNING: SUM: inst 10
05/11/30 08:50:42 WARNING: SUM: multdriver 0
05/11/30 08:50:42 WARNING: SUM: nodriver 1
05/11/30 08:50:42 WARNING: SUM: noload 0
05/11/30 08:50:42 WARNING: SUM: openports 0
05/11/30 08:50:42 WARNING: SUM: warnings 0
05/11/30 08:50:42 WARNING: SUM: === Number of parsed input tables: ===
05/11/30 08:50:42 WARNING: SUM: conf 0
05/11/30 08:50:42 WARNING: SUM: hier 1
05/11/30 08:50:42 WARNING: SUM: conn 1
05/11/30 08:50:42 WARNING: SUM: io 1
05/11/30 08:50:42 WARNING: SUM: i2c 0
05/11/30 08:50:42 WARNING: SUM: Number of changes in intermediate: 0
05/11/30 08:50:42 WARNING: SUM: Number of changed files: 0
