05/11/30 08:50:52 ########################################################################
05/11/30 08:50:52 CMDLINE: /cygdrive/h/work/eclipse/MIX/mix_0.pl ../../genwidth.xls
05/11/30 08:50:52 
#######################################################################
##### mix_0.pl (Revision: 1.42 )
#####
##### MIX  
#####   MixUtils    1.98 $
#####   MixUtils::IO    1.35 $
#####   MixParser   1.63 $
#####   MixWriter   1.71 $
#####   MixChecker  1.10 $
#####   MixIOParser 1.17 $
#####   MixI2CParser 1.16 $
#####   MixReport 1.16 $
##### Copyright(c) Micronas GmbH 2002/2005 ALL RIGHTS RESERVED
#######################################################################
05/11/30 08:50:53 Reading worksheet CONN of H:/work/eclipse/MIX/test/xls_input/genwidth/verilog/../../genwidth.xls
05/11/30 08:50:53 Reading worksheet HIER of H:/work/eclipse/MIX/test/xls_input/genwidth/verilog/../../genwidth.xls
05/11/30 08:50:53 Reading worksheet IO of H:/work/eclipse/MIX/test/xls_input/genwidth/verilog/../../genwidth.xls
05/11/30 08:50:54 WARNING: File genwidth-mixed.xls already exists! Contents will be changed
05/11/30 08:50:54 WARNING: Rotating 3 old sheets of CONF!
05/11/30 08:50:56 Reading worksheet CONN of H:/work/eclipse/MIX/test/xls_input/genwidth/verilog/genwidth-mixed.xls
05/11/30 08:50:57 WARNING: Rotating 3 old sheets of DIFF_CONN!
05/11/30 08:50:57 Reading worksheet HIER of H:/work/eclipse/MIX/test/xls_input/genwidth/verilog/genwidth-mixed.xls
05/11/30 08:50:57 WARNING: Rotating 3 old sheets of DIFF_HIER!
05/11/30 08:50:58 WARNING: Info: signal y_c422444 bounds width - 1 .. 0 or port y_p_i width - 1 .. 0 not a number!
05/11/30 08:50:58 WARNING: Info: signal y_c422444 bounds width - 1 .. 0 or port y_p_i width - 1 .. 0 not a number!
05/11/30 08:50:58 WARNING: Info: signal y_c422444 bounds width - 1 .. 0 or port y_p0_i width - 1 .. 0 not a number!
05/11/30 08:50:58 WARNING: Info: signal y_c422444 bounds width - 1 .. 0 or port y_p0_i width - 1 .. 0 not a number!
05/11/30 08:50:58 WARNING: Info: signal y_defwidth bounds `dwidth - 1 .. 0 or port defwidth `dwidth - 1 .. 0 not a number!
05/11/30 08:50:58 WARNING: Info: signal y_defwidth bounds `dwidth - 1 .. 0 or port defwidth `dwidth - 1 .. 0 not a number!
05/11/30 08:50:58 Warning: Signal y_defwidth does not have a driver in instance inst_a!
05/11/30 08:50:58 Info: unchanged file inst_a_e.v
05/11/30 08:50:58 WARNING: ============= SUMMARY =================
05/11/30 08:50:58 WARNING: SUM: Summary of checks and created items:
05/11/30 08:50:58 WARNING: SUM: checkforce 0
05/11/30 08:50:58 WARNING: SUM: checkunique 0
05/11/30 08:50:58 WARNING: SUM: checkwarn 0
05/11/30 08:50:58 WARNING: SUM: cmacros 0
05/11/30 08:50:58 WARNING: SUM: conn 4
05/11/30 08:50:58 WARNING: SUM: errors 0
05/11/30 08:50:58 WARNING: SUM: genport 0
05/11/30 08:50:58 WARNING: SUM: hdlfiles 1
05/11/30 08:50:58 WARNING: SUM: inst 10
05/11/30 08:50:58 WARNING: SUM: multdriver 0
05/11/30 08:50:58 WARNING: SUM: nodriver 1
05/11/30 08:50:58 WARNING: SUM: noload 0
05/11/30 08:50:58 WARNING: SUM: openports 0
05/11/30 08:50:58 WARNING: SUM: warnings 0
05/11/30 08:50:58 WARNING: SUM: === Number of parsed input tables: ===
05/11/30 08:50:58 WARNING: SUM: conf 0
05/11/30 08:50:58 WARNING: SUM: hier 1
05/11/30 08:50:58 WARNING: SUM: conn 1
05/11/30 08:50:58 WARNING: SUM: io 1
05/11/30 08:50:58 WARNING: SUM: i2c 0
05/11/30 08:50:58 WARNING: SUM: Number of changes in intermediate: 0
05/11/30 08:50:58 WARNING: SUM: Number of changed files: 0
